../winc3400/ble/ble_services/ble_mgr/ble_manager.h:145:20:ble_dummy_handler	16	static
../winc3400/ble/ble_services/ble_mgr/ble_manager.c:97:17:ble_event_task	8	static
../winc3400/ble/ble_services/ble_mgr/ble_manager.c:109:6:ble_device_init	24	static
../winc3400/ble/ble_services/ble_mgr/ble_manager.c:131:17:ble_set_device_name	16	static
../winc3400/ble/ble_services/ble_mgr/ble_manager.c:141:13:ble_init	8	static
../winc3400/ble/ble_services/ble_mgr/ble_manager.c:336:17:ble_send_slave_sec_request	16	static
../winc3400/ble/ble_services/ble_mgr/ble_manager.c:350:6:ble_connected_state_handler	40	static
../winc3400/ble/ble_services/ble_mgr/ble_manager.c:380:6:register_ble_connected_event_cb	16	static
../winc3400/ble/ble_services/ble_mgr/ble_manager.c:386:6:register_ble_disconnected_event_cb	16	static
../winc3400/ble/ble_services/ble_mgr/ble_manager.c:392:6:register_ble_paired_event_cb	16	static
../winc3400/ble/ble_services/ble_mgr/ble_manager.c:398:6:register_ble_characteristic_changed_cb	16	static
../winc3400/ble/ble_services/ble_mgr/ble_manager.c:404:6:ble_disconnected_state_handler	16	static
../winc3400/ble/ble_services/ble_mgr/ble_manager.c:414:6:ble_conn_param_update	16	static
../winc3400/ble/ble_services/ble_mgr/ble_manager.c:421:6:ble_slave_security_handler	32	static
../winc3400/ble/ble_services/ble_mgr/ble_manager.c:477:6:ble_pair_request_handler	32	static
../winc3400/ble/ble_services/ble_mgr/ble_manager.c:556:6:ble_pair_key_request_handler	40	static
../winc3400/ble/ble_services/ble_mgr/ble_manager.c:631:17:ble_pair_done_handler	96	static
../winc3400/ble/ble_services/ble_mgr/ble_manager.c:656:6:ble_encryption_status_change_handler	24	static
../winc3400/ble/ble_services/ble_mgr/ble_manager.c:678:6:ble_encryption_request_handler	32	static
../winc3400/ble/ble_services/ble_mgr/ble_manager.c:697:6:ble_event_manager	16	static
