../Core/Src/main.c:249:5:__io_putchar	16	static
../Core/Src/main.c:257:9:B2D	24	static
../Core/Src/main.c:264:9:D2B	16	static
../Core/Src/main.c:271:6:StartBTUartReceiveProc	8	static
../Core/Src/main.c:276:6:BTUartReceiveCallback	16	static
../Core/Src/main.c:283:6:StartWiFiUartReceiveProc	8	static
../Core/Src/main.c:288:6:WiFiUartReceiveCallback	16	static
../Core/Src/main.c:303:6:SetLedStrip	24	static
../Core/Src/main.c:311:6:pwm_update_duty_cycle	40	static
../Core/Src/main.c:322:6:StartPlayAudioFile	64	static
../Core/Src/main.c:369:6:SetPlayState	16	static
../Core/Src/main.c:373:13:app_wifi_init	112	static
../Core/Src/main.c:467:13:app_wifi_handle_event	88	static
../Core/Src/main.c:564:13:app_ble_wifi_provisioning	128	static
../Core/Src/main.c:675:13:app_main	8	static
../Core/Src/main.c:685:13:udpAppInit	16	static
../Core/Src/main.c:706:15:smtpConnect	24	static
../Core/Src/main.c:744:13:generateBase64Key	152	static
../Core/Src/main.c:769:13:smtpSendRecv	40	static
../Core/Src/main.c:800:15:smtpStateHandler	8	static
../Core/Src/main.c:902:13:resolve_cb	24	static
../Core/Src/main.c:920:13:socket_cb	24	static
../Core/Src/main.c:1201:13:close_socket	8	static
../Core/Src/main.c:1210:13:retry_smtp_server	8	static
../Core/Src/main.c:1224:5:main	32	static
../Core/Src/main.c:1390:6:SystemClock_Config	88	static
../Core/Src/main.c:1441:13:MX_I2C1_Init	8	static
../Core/Src/main.c:1486:13:MX_I2C2_Init	8	static
../Core/Src/main.c:1531:13:MX_I2S2_Init	8	static
../Core/Src/main.c:1563:13:MX_RTC_Init	72	static
../Core/Src/main.c:1641:13:MX_SPI1_Init	8	static
../Core/Src/main.c:1677:13:MX_SPI3_Init	8	static
../Core/Src/main.c:1713:13:MX_SPI5_Init	8	static
../Core/Src/main.c:1749:13:MX_TIM1_Init	80	static
../Core/Src/main.c:1812:13:MX_TIM2_Init	48	static
../Core/Src/main.c:1859:13:MX_TIM3_Init	48	static
../Core/Src/main.c:1906:13:MX_TIM4_Init	48	static
../Core/Src/main.c:1957:13:MX_UART7_Init	8	static
../Core/Src/main.c:1988:13:MX_USART1_UART_Init	8	static
../Core/Src/main.c:2019:13:MX_USART2_UART_Init	8	static
../Core/Src/main.c:2050:13:MX_USART3_UART_Init	8	static
../Core/Src/main.c:2079:13:MX_DMA_Init	16	static
../Core/Src/main.c:2103:13:MX_GPIO_Init	56	static
../Core/Src/main.c:2185:6:HAL_UART_RxCpltCallback	16	static
../Core/Src/main.c:2191:6:StartCommTask	16	static
../Core/Src/main.c:2205:6:SendEmailInit	4	static
../Core/Src/main.c:2210:6:StartWiFiProvTask	48	static
../Core/Src/main.c:2504:1:HAL_GPIO_EXTI_Callback	16	static
../Core/Src/main.c:2511:6:HAL_RTC_AlarmAEventCallback	72	static
../Core/Src/main.c:2533:6:StartDefaultTask	72	static
../Core/Src/main.c:2672:6:HAL_TIM_PeriodElapsedCallback	16	static
../Core/Src/main.c:2688:6:Error_Handler	4	static,ignoring_inline_asm
