../Core/Src/stm32f4xx_it.c:60:6:SDTimer_Handler	4	static
../Core/Src/stm32f4xx_it.c:91:6:NMI_Handler	4	static
../Core/Src/stm32f4xx_it.c:106:6:HardFault_Handler	4	static
../Core/Src/stm32f4xx_it.c:121:6:MemManage_Handler	4	static
../Core/Src/stm32f4xx_it.c:136:6:BusFault_Handler	4	static
../Core/Src/stm32f4xx_it.c:151:6:UsageFault_Handler	4	static
../Core/Src/stm32f4xx_it.c:166:6:DebugMon_Handler	4	static
../Core/Src/stm32f4xx_it.c:186:6:EXTI4_IRQHandler	8	static
../Core/Src/stm32f4xx_it.c:200:6:DMA1_Stream3_IRQHandler	8	static
../Core/Src/stm32f4xx_it.c:214:6:DMA1_Stream4_IRQHandler	8	static
../Core/Src/stm32f4xx_it.c:228:6:USART1_IRQHandler	8	static
../Core/Src/stm32f4xx_it.c:242:6:USART2_IRQHandler	8	static
../Core/Src/stm32f4xx_it.c:256:6:USART3_IRQHandler	8	static
../Core/Src/stm32f4xx_it.c:270:6:RTC_Alarm_IRQHandler	8	static
../Core/Src/stm32f4xx_it.c:284:6:TIM5_IRQHandler	8	static
../Core/Src/stm32f4xx_it.c:306:6:DMA2_Stream4_IRQHandler	8	static
../Core/Src/stm32f4xx_it.c:320:6:SPI5_IRQHandler	8	static
