../winc3400/socket/source/socket.c:129:14:Socket_ReadSocketData	40	static
../winc3400/socket/source/socket.c:174:13:m2m_ip_cb	288	static
../winc3400/socket/source/socket.c:380:6:socketInit	8	static
../winc3400/socket/source/socket.c:400:6:socketDeinit	8	static
../winc3400/socket/source/socket.c:419:6:registerSocketCallback	16	static
../winc3400/socket/source/socket.c:436:8:socket	56	static
../winc3400/socket/source/socket.c:527:7:bind	48	static
../winc3400/socket/source/socket.c:561:7:listen	40	static
../winc3400/socket/source/socket.c:589:7:accept	32	static
../winc3400/socket/source/socket.c:608:7:connect	48	static
../winc3400/socket/source/socket.c:640:8:send	64	static
../winc3400/socket/source/socket.c:683:8:sendto	64	static
../winc3400/socket/source/socket.c:726:8:recv	56	static
../winc3400/socket/source/socket.c:774:7:close	40	static
../winc3400/socket/source/socket.c:809:8:recvfrom	56	static
../winc3400/socket/source/socket.c:859:8:nmi_inet_addr	32	static
../winc3400/socket/source/socket.c:908:7:gethostbyname	40	static
../winc3400/socket/source/socket.c:932:14:rawSetSockOpt	48	static
../winc3400/socket/source/socket.c:964:14:sslSetSockOpt	152	static
../winc3400/socket/source/socket.c:1043:7:setsockopt	48	static
../winc3400/socket/source/socket.c:1087:7:getsockopt	16	static
../winc3400/socket/source/socket.c:1101:7:m2m_ping_req	56	static
../winc3400/socket/source/socket.c:1131:7:set_alpn_list	72	static
../winc3400/socket/source/socket.c:1189:7:get_alpn_index	16	static
../winc3400/socket/source/socket.c:1207:7:IsSocketReady	4	static
../winc3400/socket/source/socket.c:1226:7:get_error_detail	16	static
