../winc3400/driver/source/m2m_hif.c:137:17:isr	4	static
../winc3400/driver/source/m2m_hif.c:148:14:hif_set_rx_done	16	static
../winc3400/driver/source/m2m_hif.c:186:13:m2m_hif_cb	16	static
../winc3400/driver/source/m2m_hif.c:196:7:hif_chip_wake	16	static
../winc3400/driver/source/m2m_hif.c:230:6:hif_set_sleep_mode	16	static
../winc3400/driver/source/m2m_hif.c:245:7:hif_get_sleep_mode	4	static
../winc3400/driver/source/m2m_hif.c:255:14:hif_chip_sleep_sc	4	static
../winc3400/driver/source/m2m_hif.c:270:7:hif_chip_sleep	16	static
../winc3400/driver/source/m2m_hif.c:295:7:hif_init	24	static
../winc3400/driver/source/m2m_hif.c:314:7:hif_deinit	24	static
../winc3400/driver/source/m2m_hif.c:330:7:hif_check_compatibility	24	static
../winc3400/driver/source/m2m_hif.c:347:7:hif_enable_access	16	static
../winc3400/driver/source/m2m_hif.c:402:7:hif_check_code	24	static
../winc3400/driver/source/m2m_hif.c:447:7:hif_send	48	static
../winc3400/driver/source/m2m_hif.c:612:14:hif_isr	32	static
../winc3400/driver/source/m2m_hif.c:748:6:hif_yield	4	static
../winc3400/driver/source/m2m_hif.c:753:7:hif_handle_isr	16	static
../winc3400/driver/source/m2m_hif.c:810:7:hif_receive	32	static
../winc3400/driver/source/m2m_hif.c:868:7:hif_register_cb	24	static
