../winc3400/driver/source/m2m_wifi.c:87:13:m2m_wifi_cb	208	static
../winc3400/driver/source/m2m_wifi.c:307:7:m2m_wifi_download_mode	16	static
../winc3400/driver/source/m2m_wifi.c:320:14:m2m_validate_ap_parameters	24	static
../winc3400/driver/source/m2m_wifi.c:395:14:m2m_validate_scan_options	24	static
../winc3400/driver/source/m2m_wifi.c:434:15:m2m_wifi_ble_set_gain_table	40	static
../winc3400/driver/source/m2m_wifi.c:445:7:m2m_wifi_init_hold	16	static
../winc3400/driver/source/m2m_wifi.c:455:7:m2m_wifi_init_start	56	static
../winc3400/driver/source/m2m_wifi.c:507:7:m2m_wifi_init	24	static
../winc3400/driver/source/m2m_wifi.c:519:8:m2m_wifi_deinit	16	static
../winc3400/driver/source/m2m_wifi.c:526:7:m2m_wifi_reinit_hold	8	static
../winc3400/driver/source/m2m_wifi.c:532:7:m2m_wifi_reinit_start	16	static
../winc3400/driver/source/m2m_wifi.c:537:7:m2m_wifi_reinit	24	static
../winc3400/driver/source/m2m_wifi.c:547:7:m2m_wifi_get_state	8	static
../winc3400/driver/source/m2m_wifi.c:561:6:m2m_wifi_yield	8	static
../winc3400/driver/source/m2m_wifi.c:566:7:m2m_wifi_handle_events	24	static
../winc3400/driver/source/m2m_wifi.c:576:7:m2m_wifi_delete_sc	72	static
../winc3400/driver/source/m2m_wifi.c:594:7:m2m_wifi_default_connect	24	static
../winc3400/driver/source/m2m_wifi.c:602:14:m2m_wifi_connect_prepare_msg	32	static
../winc3400/driver/source/m2m_wifi.c:668:14:legacy_connect_prepare_msg	24	static
../winc3400/driver/source/m2m_wifi.c:691:7:m2m_wifi_connect_open	192	static
../winc3400/driver/source/m2m_wifi.c:721:7:m2m_wifi_connect_wep	208	static
../winc3400/driver/source/m2m_wifi.c:780:7:m2m_wifi_connect_psk	208	static
../winc3400/driver/source/m2m_wifi.c:858:7:m2m_wifi_1x_set_option	24	static
../winc3400/driver/source/m2m_wifi.c:935:7:m2m_wifi_1x_get_option	24	static
../winc3400/driver/source/m2m_wifi.c:981:7:m2m_wifi_connect_1x_mschap2	104	static
../winc3400/driver/source/m2m_wifi.c:1057:7:m2m_wifi_connect_1x_tls	112	static
../winc3400/driver/source/m2m_wifi.c:1157:7:m2m_wifi_connect	32	static
../winc3400/driver/source/m2m_wifi.c:1162:7:m2m_wifi_connect_sc	72	static
../winc3400/driver/source/m2m_wifi.c:1215:7:m2m_wifi_disconnect	24	static
../winc3400/driver/source/m2m_wifi.c:1220:7:m2m_wifi_set_mac_address	40	static
../winc3400/driver/source/m2m_wifi.c:1228:7:m2m_wifi_set_static_ip	32	static
../winc3400/driver/source/m2m_wifi.c:1240:7:m2m_wifi_request_dhcp_client	4	static
../winc3400/driver/source/m2m_wifi.c:1246:7:m2m_wifi_request_dhcp_server	16	static
../winc3400/driver/source/m2m_wifi.c:1263:7:m2m_wifi_enable_dhcp	40	static
../winc3400/driver/source/m2m_wifi.c:1270:7:m2m_wifi_set_lsn_int	32	static
../winc3400/driver/source/m2m_wifi.c:1275:7:m2m_wifi_set_cust_InfoElement	32	static
../winc3400/driver/source/m2m_wifi.c:1280:7:m2m_wifi_set_scan_options	40	static
../winc3400/driver/source/m2m_wifi.c:1290:7:m2m_wifi_set_scan_region	40	static
../winc3400/driver/source/m2m_wifi.c:1299:7:m2m_wifi_request_scan	40	static
../winc3400/driver/source/m2m_wifi.c:1316:7:m2m_wifi_request_scan_passive	40	static
../winc3400/driver/source/m2m_wifi.c:1334:7:m2m_wifi_wps	48	static
../winc3400/driver/source/m2m_wifi.c:1345:7:m2m_wifi_wps_disable	32	static
../winc3400/driver/source/m2m_wifi.c:1384:7:m2m_wifi_p2p	40	static
../winc3400/driver/source/m2m_wifi.c:1401:7:m2m_wifi_p2p_disconnect	32	static
../winc3400/driver/source/m2m_wifi.c:1407:7:m2m_wifi_enable_ap	104	static
../winc3400/driver/source/m2m_wifi.c:1420:7:m2m_wifi_enable_ap_ext	40	static
../winc3400/driver/source/m2m_wifi.c:1444:7:m2m_wifi_disable_ap	32	static
../winc3400/driver/source/m2m_wifi.c:1457:7:m2m_wifi_req_curr_rssi	32	static
../winc3400/driver/source/m2m_wifi.c:1464:7:m2m_wifi_req_restrict_ble	32	static
../winc3400/driver/source/m2m_wifi.c:1471:7:m2m_wifi_req_unrestrict_ble	32	static
../winc3400/driver/source/m2m_wifi.c:1478:7:m2m_wifi_send_ethernet_pkt	40	static
../winc3400/driver/source/m2m_wifi.c:1506:7:m2m_wifi_get_otp_mac_address	24	static
../winc3400/driver/source/m2m_wifi.c:1528:7:m2m_wifi_get_mac_address	24	static
../winc3400/driver/source/m2m_wifi.c:1558:7:m2m_wifi_req_scan_result	40	static
../winc3400/driver/source/m2m_wifi.c:1579:7:m2m_wifi_get_num_ap_found	4	static
../winc3400/driver/source/m2m_wifi.c:1590:7:m2m_wifi_get_sleep_mode	8	static
../winc3400/driver/source/m2m_wifi.c:1609:7:m2m_wifi_set_sleep_mode	40	static
../winc3400/driver/source/m2m_wifi.c:1630:7:m2m_wifi_request_sleep	40	static
../winc3400/driver/source/m2m_wifi.c:1654:7:m2m_wifi_set_device_name	80	static
../winc3400/driver/source/m2m_wifi.c:1680:7:m2m_wifi_configure_sntp	72	static
../winc3400/driver/source/m2m_wifi.c:1705:8:m2m_wifi_get_chipId	8	static
../winc3400/driver/source/m2m_wifi.c:1722:7:m2m_wifi_get_firmware_version	24	static
../winc3400/driver/source/m2m_wifi.c:1745:7:m2m_wifi_check_ota_rb	16	static
../winc3400/driver/source/m2m_wifi.c:1773:15:m2m_ota_get_firmware_version	24	static
../winc3400/driver/source/m2m_wifi.c:1785:7:m2m_wifi_start_provision_mode	112	static
../winc3400/driver/source/m2m_wifi.c:1798:7:m2m_wifi_start_provision_mode_ext	200	static
../winc3400/driver/source/m2m_wifi.c:1845:7:m2m_wifi_stop_provision_mode	24	static
../winc3400/driver/source/m2m_wifi.c:1850:7:m2m_wifi_get_connection_info	24	static
../winc3400/driver/source/m2m_wifi.c:1855:7:m2m_wifi_set_system_time	32	static
../winc3400/driver/source/m2m_wifi.c:1868:7:m2m_wifi_get_system_time	24	static
../winc3400/driver/source/m2m_wifi.c:1873:7:m2m_wifi_enable_sntp	40	static
../winc3400/driver/source/m2m_wifi.c:1892:7:m2m_wifi_set_power_profile	40	static
../winc3400/driver/source/m2m_wifi.c:1911:7:m2m_wifi_set_tx_power	40	static
../winc3400/driver/source/m2m_wifi.c:1931:7:m2m_wifi_enable_firmware_logs	40	static
../winc3400/driver/source/m2m_wifi.c:1949:7:m2m_wifi_set_battery_voltage	40	static
../winc3400/driver/source/m2m_wifi.c:1967:7:m2m_wifi_prng_get_random_bytes	48	static
../winc3400/driver/source/m2m_wifi.c:2047:7:m2m_wifi_enable_roaming	40	static
../winc3400/driver/source/m2m_wifi.c:2063:7:m2m_wifi_disable_roaming	32	static
../winc3400/driver/source/m2m_wifi.c:2085:15:m2m_wifi_ble_api_send	40	static
