../winc3400/driver/source/nmasic.c:56:7:chip_apply_conf	32	static
../winc3400/driver/source/nmasic.c:95:6:chip_idle	16	static
../winc3400/driver/source/nmasic.c:106:6:enable_rf_blocks	8	static
../winc3400/driver/source/nmasic.c:119:7:enable_interrupts	16	static
../winc3400/driver/source/nmasic.c:150:7:cpu_start	16	static
../winc3400/driver/source/nmasic.c:184:8:nmi_get_chipid	16	static
../winc3400/driver/source/nmasic.c:266:8:nmi_get_rfrevid	16	static
../winc3400/driver/source/nmasic.c:275:6:restore_pmu_settings_after_global_reset	8	static
../winc3400/driver/source/nmasic.c:287:6:nmi_update_pll	16	static
../winc3400/driver/source/nmasic.c:298:6:nmi_set_sys_clk_src_to_xo	16	static
../winc3400/driver/source/nmasic.c:311:7:chip_sleep	16	static
../winc3400/driver/source/nmasic.c:346:7:chip_wake	24	static
../winc3400/driver/source/nmasic.c:398:7:chip_reset_and_cpu_halt	16	static
../winc3400/driver/source/nmasic.c:427:7:chip_reset	16	static
../winc3400/driver/source/nmasic.c:439:7:wait_for_bootrom	32	static
../winc3400/driver/source/nmasic.c:500:7:wait_for_firmware_start	40	static
../winc3400/driver/source/nmasic.c:538:7:chip_deinit	16	static
../winc3400/driver/source/nmasic.c:581:7:set_gpio_dir	24	static
../winc3400/driver/source/nmasic.c:600:7:set_gpio_val	24	static
../winc3400/driver/source/nmasic.c:620:7:get_gpio_val	24	static
../winc3400/driver/source/nmasic.c:634:7:pullup_ctrl	24	static
../winc3400/driver/source/nmasic.c:658:7:nmi_get_otp_mac_address	40	static
../winc3400/driver/source/nmasic.c:690:7:nmi_get_mac_address	40	static
