../winc3400/driver/source/nmspi.c:96:14:nmi_spi_read	32	static
../winc3400/driver/source/nmspi.c:105:14:nmi_spi_write	32	static
../winc3400/driver/source/nmspi.c:114:14:nmi_spi_writeread	40	static
../winc3400/driver/source/nmspi.c:165:21:crc7_byte	16	static
../winc3400/driver/source/nmspi.c:170:21:crc7	24	static
../winc3400/driver/source/nmspi.c:183:14:spi_cmd	40	static
../winc3400/driver/source/nmspi.c:287:14:spi_data_rsp	24	static
../winc3400/driver/source/nmspi.c:315:14:spi_cmd_rsp	24	static
../winc3400/driver/source/nmspi.c:381:7:nm_spi_reset	32	static
../winc3400/driver/source/nmspi.c:401:14:spi_data_read	32	static
../winc3400/driver/source/nmspi.c:471:14:spi_data_write	32	static
../winc3400/driver/source/nmspi.c:559:7:nm_spi_write_reg	32	static
../winc3400/driver/source/nmspi.c:641:7:nm_spi_write_block	40	static
../winc3400/driver/source/nmspi.c:736:7:nm_spi_read_reg_with_ret	32	static
../winc3400/driver/source/nmspi.c:830:7:nm_spi_read_block	40	static
../winc3400/driver/source/nmspi.c:920:13:spi_init_pkt_sz	16	static
../winc3400/driver/source/nmspi.c:956:7:nm_spi_init	16	static
../winc3400/driver/source/nmspi.c:1008:7:nm_spi_deinit	4	static
../winc3400/driver/source/nmspi.c:1021:8:nm_spi_read_reg	24	static
