../winc3400/winc3400_ble_api/src/gap.c:54:23:gapm_get_adv_type	16	static
../winc3400/winc3400_ble_api/src/gap.c:63:16:gapm_get_device_address_type	24	static
../winc3400/winc3400_ble_api/src/gap.c:92:17:at_ble_init	24	static
../winc3400/winc3400_ble_api/src/gap.c:131:17:at_ble_set_privacy_key	16	static
../winc3400/winc3400_ble_api/src/gap.c:146:17:at_ble_set_dev_config	64	static
../winc3400/winc3400_ble_api/src/gap.c:156:17:at_ble_set_gap_deviceinfo	16	static
../winc3400/winc3400_ble_api/src/gap.c:185:17:at_ble_device_name_set	16	static
../winc3400/winc3400_ble_api/src/gap.c:195:17:at_ble_addr_set	24	static
../winc3400/winc3400_ble_api/src/gap.c:237:17:at_ble_addr_get	16	static
../winc3400/winc3400_ble_api/src/gap.c:248:17:at_ble_adv_data_set	24	static
../winc3400/winc3400_ble_api/src/gap.c:291:17:at_ble_adv_start	96	static
../winc3400/winc3400_ble_api/src/gap.c:356:17:at_ble_adv_stop	8	static
../winc3400/winc3400_ble_api/src/gap.c:361:17:at_ble_adv_set_tx_power	16	static
../winc3400/winc3400_ble_api/src/gap.c:367:17:at_ble_scan_start	64	static
../winc3400/winc3400_ble_api/src/gap.c:408:17:at_ble_scan_stop	8	static
../winc3400/winc3400_ble_api/src/gap.c:413:17:at_ble_connect	96	static
../winc3400/winc3400_ble_api/src/gap.c:450:17:at_ble_connect_cancel	8	static
../winc3400/winc3400_ble_api/src/gap.c:455:17:at_ble_sec_info_set	40	static
../winc3400/winc3400_ble_api/src/gap.c:463:17:at_ble_whitelist_add	16	static
../winc3400/winc3400_ble_api/src/gap.c:473:17:at_ble_whitelist_remove	16	static
../winc3400/winc3400_ble_api/src/gap.c:483:17:at_ble_whitelist_clear	8	static
../winc3400/winc3400_ble_api/src/gap.c:488:17:at_ble_disconnect	24	static
../winc3400/winc3400_ble_api/src/gap.c:500:17:at_ble_connection_param_update	48	static
../winc3400/winc3400_ble_api/src/gap.c:520:6:at_ble_conn_update_reply	16	static
../winc3400/winc3400_ble_api/src/gap.c:527:17:at_ble_tx_power_set	24	static
../winc3400/winc3400_ble_api/src/gap.c:562:8:at_ble_tx_power_get	24	static
../winc3400/winc3400_ble_api/src/gap.c:588:8:at_ble_max_PA_gain_get	24	static
../winc3400/winc3400_ble_api/src/gap.c:614:17:at_ble_random_address_resolve	24	static
../winc3400/winc3400_ble_api/src/gap.c:625:8:at_ble_rx_power_get	24	static
