../winc3400/winc3400_ble_api/src/gapc_task.c:47:17:gapc_bond_cfm_handler_pair_resp	32	static
../winc3400/winc3400_ble_api/src/gapc_task.c:67:17:gapc_bond_cfm_handler_key_exch	24	static
../winc3400/winc3400_ble_api/src/gapc_task.c:80:17:gapc_encrypt_cmd_handler	48	static
../winc3400/winc3400_ble_api/src/gapc_task.c:106:17:gapc_encrypt_cfm_handler	40	static
../winc3400/winc3400_ble_api/src/gapc_task.c:130:17:gapc_get_tx_pwr_req_handler	24	static
../winc3400/winc3400_ble_api/src/gapc_task.c:141:17:gapc_set_tx_pwr_req_handler	24	static
../winc3400/winc3400_ble_api/src/gapc_task.c:154:17:gapc_disconnect_cmd_handler	24	static
../winc3400/winc3400_ble_api/src/gapc_task.c:167:17:gapc_param_update_cmd_handler	32	static
../winc3400/winc3400_ble_api/src/gapc_task.c:188:17:gapc_param_update_cfm_handler	24	static
../winc3400/winc3400_ble_api/src/gapc_task.c:203:17:gapc_connection_cfm_handler	32	static
../winc3400/winc3400_ble_api/src/gapc_task.c:222:17:gapc_bond_cmd_handler	32	static
../winc3400/winc3400_ble_api/src/gapc_task.c:244:17:gapc_security_cmd_handler	24	static
../winc3400/winc3400_ble_api/src/gapc_task.c:257:17:gapc_con_req_ind	40	static
../winc3400/winc3400_ble_api/src/gapc_task.c:274:17:gapc_disconnect_ind	24	static
../winc3400/winc3400_ble_api/src/gapc_task.c:284:17:gapc_param_updated_ind	32	static
../winc3400/winc3400_ble_api/src/gapc_task.c:297:17:gapc_param_update_req_ind	32	static
../winc3400/winc3400_ble_api/src/gapc_task.c:311:6:gapc_bond_req	16	static
../winc3400/winc3400_ble_api/src/gapc_task.c:316:6:gapc_key_exch	32	static
../winc3400/winc3400_ble_api/src/gapc_task.c:339:17:gapc_bond_req_ind	40	static
../winc3400/winc3400_ble_api/src/gapc_task.c:391:17:gapc_bond_ind	48	static
../winc3400/winc3400_ble_api/src/gapc_task.c:454:17:gapc_encrypt_ind	32	static
../winc3400/winc3400_ble_api/src/gapc_task.c:466:17:gapc_cmp_evt	48	static
../winc3400/winc3400_ble_api/src/gapc_task.c:536:17:gapc_encrypt_req_ind	32	static
../winc3400/winc3400_ble_api/src/gapc_task.c:546:17:gapc_sec_req_ind	32	static
../winc3400/winc3400_ble_api/src/gapc_task.c:574:17:gapc_get_info_cmd_handler	24	static
../winc3400/winc3400_ble_api/src/gapc_task.c:589:17:gapc_con_tx_pow_set_ind_parser	32	static
../winc3400/winc3400_ble_api/src/gapc_task.c:600:17:gapc_con_max_PA_gain_get_ind_parser	32	static
../winc3400/winc3400_ble_api/src/gapc_task.c:612:17:gapc_con_tx_pow_get_ind_parser	32	static
../winc3400/winc3400_ble_api/src/gapc_task.c:624:17:gapc_con_rssi_ind_parser	32	static
