../winc3400/winc3400_ble_api/src/gatt_server.c:44:13:is_extended_properties_defined	16	static
../winc3400/winc3400_ble_api/src/gatt_server.c:56:16:extended_properties_define	32	static
../winc3400/winc3400_ble_api/src/gatt_server.c:83:13:is_user_desc_defined	16	static
../winc3400/winc3400_ble_api/src/gatt_server.c:92:17:att_permissions	24	static
../winc3400/winc3400_ble_api/src/gatt_server.c:141:16:user_description_define	32	static
../winc3400/winc3400_ble_api/src/gatt_server.c:169:13:is_server_conf_defined	16	static
../winc3400/winc3400_ble_api/src/gatt_server.c:175:16:server_conf_define	32	static
../winc3400/winc3400_ble_api/src/gatt_server.c:191:13:is_client_conf_defined	16	static
../winc3400/winc3400_ble_api/src/gatt_server.c:198:16:client_conf_define	32	static
../winc3400/winc3400_ble_api/src/gatt_server.c:213:13:is_presentation_format_defined	16	static
../winc3400/winc3400_ble_api/src/gatt_server.c:219:16:presentation_format_define	40	static
../winc3400/winc3400_ble_api/src/gatt_server.c:245:16:char_properties	24	static
../winc3400/winc3400_ble_api/src/gatt_server.c:260:17:char_permissions	24	static
../winc3400/winc3400_ble_api/src/gatt_server.c:338:16:uuid_size	24	static
../winc3400/winc3400_ble_api/src/gatt_server.c:360:24:at_ble_service_define	96	static
../winc3400/winc3400_ble_api/src/gatt_server.c:551:17:at_ble_primary_service_define	40	static
../winc3400/winc3400_ble_api/src/gatt_server.c:558:17:at_ble_secondary_service_define	40	static
../winc3400/winc3400_ble_api/src/gatt_server.c:564:17:at_ble_characteristic_value_set	24	static
../winc3400/winc3400_ble_api/src/gatt_server.c:572:17:at_ble_characteristic_value_get	32	static
../winc3400/winc3400_ble_api/src/gatt_server.c:580:17:at_ble_notification_send	16	static
../winc3400/winc3400_ble_api/src/gatt_server.c:586:17:at_ble_indication_send	16	static
../winc3400/winc3400_ble_api/src/gatt_server.c:592:17:at_ble_service_changed_notification_send	16	static
