../winc3400/winc3400_ble_api/src/gattc_task.c:35:27:at_ble_uuid_len2type	16	static
../winc3400/winc3400_ble_api/src/gattc_task.c:50:17:gattc_write_cmd_ind_handler	24	static
../winc3400/winc3400_ble_api/src/gattc_task.c:62:17:gattc_send_evt_cmd_handler	24	static
../winc3400/winc3400_ble_api/src/gattc_task.c:76:17:gattc_disc_cmd_handler	32	static
../winc3400/winc3400_ble_api/src/gattc_task.c:106:17:gattc_reg_to_peer_handler	32	static
../winc3400/winc3400_ble_api/src/gattc_task.c:122:17:gattc_execute_write_cmd_handler	24	static
../winc3400/winc3400_ble_api/src/gattc_task.c:135:17:gattc_write_cmd_handler	32	static
../winc3400/winc3400_ble_api/src/gattc_task.c:154:17:gattc_read_cmd_handler_by_uuid	32	static
../winc3400/winc3400_ble_api/src/gattc_task.c:172:17:gattc_read_cmd_handler_simple_read	32	static
../winc3400/winc3400_ble_api/src/gattc_task.c:189:17:gattc_read_cmd_handler_multible	40	static
../winc3400/winc3400_ble_api/src/gattc_task.c:209:17:gattc_svc_changed_notification_cmd_handler	24	static
../winc3400/winc3400_ble_api/src/gattc_task.c:224:17:gattc_mtu_cmd_handler	24	static
../winc3400/winc3400_ble_api/src/gattc_task.c:236:17:gattc_write_cmd_ind	40	static
../winc3400/winc3400_ble_api/src/gattc_task.c:265:17:gattc_disc_svc_ind_parser	32	static
../winc3400/winc3400_ble_api/src/gattc_task.c:281:17:gattc_disc_svc_incl_ind_parser	32	static
../winc3400/winc3400_ble_api/src/gattc_task.c:298:17:gattc_disc_char_ind_parser	32	static
../winc3400/winc3400_ble_api/src/gattc_task.c:316:17:gattc_disc_char_desc_ind_parser	32	static
../winc3400/winc3400_ble_api/src/gattc_task.c:332:17:gattc_read_ind_parser	32	static
../winc3400/winc3400_ble_api/src/gattc_task.c:346:17:gattc_event_ind_parser	48	static
../winc3400/winc3400_ble_api/src/gattc_task.c:381:17:gattc_complete_evt_handler	40	static
